sample.interval=20000
"cb$putcode" "cmpSymbolAssign" "h" "tryInline" "cmpCall" "cmp" "h" "tryInline" "cmpCall" "cmp" "h" "tryInline" "cmpCall" "cmp" "h" "tryInline" "cmpCall" "cmp" "h" "tryInline" "cmpCall" "cmp" "genCode" "cmpfun" "doTryCatch" "tryCatchOne" "tryCatchList" "tryCatch" "compiler:::tryCmpfun" "compute_extrapolation" 
"as.numeric" "matrix" ".rastFromXYZ" ".local" "terra::rast" "terra::rast" "doTryCatch" "tryCatchOne" "tryCatchList" "tryCatch" "try" "compute_extrapolation" 
"getClassDef" "is" "installClassMethod" "envRefInferField" "$" "initialize" "initialize" "new" "<Anonymous>" ".External" "<Anonymous>" "res<-" "res<-" "<Anonymous>" "do.call" "terra::rast" "terra::rast" "rasterize_grid" "compute_extrapolation" 
"getClassDef" "is" "initialize" "initialize" "new" "<Anonymous>" ".External" "<Anonymous>" "rasterize_points" ".local" "rasterize" "rasterize" ".local" "terra::rasterize" "terra::rasterize" ".f" "<Anonymous>" "call_with_cleanup" "withCallingHandlers" "with_indexed_errors" "map_" "purrr::map" "purrr::set_names" ".External2" "%>%" "rasterize_grid" "compute_extrapolation" 
"cb$putconst" "cmpSymbolAssign" "h" "tryInline" "cmpCall" "cmp" "h" "tryInline" "cmpCall" "cmp" "h" "tryInline" "cmpCall" "cmp" "h" "tryInline" "cmpCall" "cmp" "h" "tryInline" "cmpCall" "cmp" "h" "tryInline" "cmpCall" "cmp" "h" "tryInline" "cmpCall" "cmp" "genCode" "cmpfun" "doTryCatch" "tryCatchOne" "tryCatchList" "tryCatch" "compiler:::tryCmpfun" ".local" "terra::as.data.frame" "standardGeneric" "terra::as.data.frame" "rasterize_grid" "compute_extrapolation" 
"cb$putcode" "cmpBuiltinArgs" "cmpBuiltin" "cmpDotInternalCall" "h" "tryInline" "cmpCall" "cmp" "cmpSymbolAssign" "h" "tryInline" "cmpCall" "cmp" "h" "tryInline" "cmpCall" "cmp" "h" "tryInline" "cmpCall" "cmp" "h" "tryInline" "cmpCall" "cmp" "genCode" "cmpfun" "doTryCatch" "tryCatchOne" "tryCatchList" "tryCatch" "compiler:::tryCmpfun" "ExDet" "compute_extrapolation" 
"exists" "$" "round" "round" ".rastFromXYZ" ".local" "terra::rast" "terra::rast" "withCallingHandlers" "suppressWarnings" ".f" "doTryCatch" "tryCatchOne" "tryCatchList" "tryCatch" "capture_error" "safe_raster" ".External2" "%>%" ".f" "<Anonymous>" "call_with_cleanup" "withCallingHandlers" "with_indexed_errors" "map_" "purrr::map" "vctrs_vec_compat" "map_" "purrr::map" ".External2" "%>%" "compute_extrapolation" 
"is.environment" "getClassDef" "is" "installClassMethod" "envRefInferField" "$" "Rcpp::cpp_object_initializer" ".Object$initialize" "initialize" "initialize" "new" "<Anonymous>" ".Call" "<Anonymous>" "get" "$" ".local" "ext" "ext" ".rastFromXYZ" ".local" "terra::rast" "terra::rast" "withCallingHandlers" "suppressWarnings" ".f" "doTryCatch" "tryCatchOne" "tryCatchList" "tryCatch" "capture_error" "safe_raster" ".External2" "%>%" ".f" "<Anonymous>" "call_with_cleanup" "withCallingHandlers" "with_indexed_errors" "map_" "purrr::map" "vctrs_vec_compat" "map_" "purrr::map" ".External2" "%>%" "compute_extrapolation" 
"unique" "setdiff" "installClassMethod" "envRefInferField" "$" "initialize" "initialize" "new" "<Anonymous>" ".External" "<Anonymous>" "spatOptions" ".local" "setValues" "setValues" "values<-" "values<-" ".rastFromXYZ" ".local" "terra::rast" "terra::rast" "withCallingHandlers" "suppressWarnings" ".f" "doTryCatch" "tryCatchOne" "tryCatchList" "tryCatch" "capture_error" "safe_raster" ".External2" "%>%" ".f" "<Anonymous>" "call_with_cleanup" "withCallingHandlers" "with_indexed_errors" "map_" "purrr::map" "vctrs_vec_compat" "map_" "purrr::map" ".External2" "%>%" "compute_extrapolation" 
"is" "initialize" "initialize" "new" "<Anonymous>" ".External" "<Anonymous>" "spatOptions" ".replace_cell" ".local" "[<-" "[<-" ".replace_spatraster" ".local" "[<-" "[<-" "compute_extrapolation" 
"findHomeNS" "nsName" "getInlineInfo" "tryInline" "cmpCall" "cmp" "cmpSymbolAssign" "h" "tryInline" "cmpCall" "cmp" "h" "tryInline" "cmpCall" "cmp" "h" "tryInline" "cmpCall" "cmp" "h" "tryInline" "cmpCall" "cmp" "h" "tryInline" "cmpCall" "cmp" "h" "tryInline" "cmpCall" "cmp" "genCode" "cmpfun" "doTryCatch" "tryCatchOne" "tryCatchList" "tryCatch" "compiler:::tryCmpfun" "summarise_extrapolation" "compute_extrapolation" 
"file.exists" "base::.packages" 
"list.files" "base::.packages" 
"gzfile" "readRDS" "index.search" "utils::help" ".External2" "inject" "help" "help" ".ps.help.getHtmlHelpContents" 
"grep" "isBlankRd" "writeWrapped" "writeBlock" "writeContent" "writeContent" "writeSection" "tools::Rd2HTML" "getHtmlHelpContentsInstalled" ".ps.help.getHtmlHelpContents" 
"grep" "isBlankLineRd" "addParaBreaks" "writeLines" "writeLinesUTF8" "of1" "writeBlock" "writeContent" "writeSection" "tools::Rd2HTML" "getHtmlHelpContentsInstalled" ".ps.help.getHtmlHelpContents" 
"file" "readLines" "getHtmlHelpContentsInstalled" ".ps.help.getHtmlHelpContents" 
"file" "readLines" "getHtmlHelpContentsInstalled" ".ps.help.getHtmlHelpContents" 
"file" "readLines" "getHtmlHelpContentsInstalled" ".ps.help.getHtmlHelpContents" 
"as.data.frame" "path" "find_root_file" "rprojroot_find_package_root_file" "doTryCatch" "tryCatchOne" "tryCatchList" "tryCatch" "pkg_path" "dev_topic_path" "dev_topic_find" "help" "help" ".ps.help.getHtmlHelpContents" 
"gzfile" "readRDS" "doTryCatch" "tryCatchOne" "tryCatchList" "tryCatch" "FUN" "lapply" "find.package" "index.search" "utils::help" ".External2" "inject" "help" "help" ".ps.help.getHtmlHelpContents" 
"readRDS" "doTryCatch" "tryCatchOne" "tryCatchList" "tryCatch" "FUN" "lapply" "find.package" "index.search" "utils::help" ".External2" "inject" "help" "help" ".ps.help.getHtmlHelpContents" 
"find.package" "index.search" "utils::help" ".External2" "inject" "help" "help" ".ps.help.getHtmlHelpContents" 
"file.exists" "find.package" "index.search" "utils::help" ".External2" "inject" "help" "help" ".ps.help.getHtmlHelpContents" 
"gzfile" "readRDS" "index.search" "utils::help" ".External2" "inject" "help" "help" ".ps.help.getHtmlHelpContents" 
"gzfile" "readRDS" "index.search" "utils::help" ".External2" "inject" "help" "help" ".ps.help.getHtmlHelpContents" 
"is.factor" "sub" "mysub" "is.factor" "sub" "mysub" "trimws" "writeItemAsCode" "writeContent" "writeSection" "tools::Rd2HTML" "getHtmlHelpContentsInstalled" ".ps.help.getHtmlHelpContents" 
"file" "readLines" "getHtmlHelpContentsInstalled" ".ps.help.getHtmlHelpContents" 
"file" "readLines" "getHtmlHelpContentsInstalled" ".ps.help.getHtmlHelpContents" 
"file" "readLines" "getHtmlHelpContentsInstalled" ".ps.help.getHtmlHelpContents" 
"file" "summaryRprof" 
"file" "summaryRprof" 
"file" "readLines" "is.factor" "grepl" "find_package_root" "find_description" "idesc_create_file" "idesc_create" "initialize" "description$new" "desc_desc_get_field" "pkg_name" "exists" "dev_topic_index" "dev_topic_path" "dev_topic_find" "help" "help" ".ps.help.getHtmlHelpContents" 
"gzfile" "readRDS" "doTryCatch" "tryCatchOne" "tryCatchList" "tryCatch" "FUN" "lapply" "find.package" "index.search" "utils::help" ".External2" "inject" "help" "help" ".ps.help.getHtmlHelpContents" 
"gzfile" "readRDS" "doTryCatch" "tryCatchOne" "tryCatchList" "tryCatch" "FUN" "lapply" "find.package" "index.search" "utils::help" ".External2" "inject" "help" "help" ".ps.help.getHtmlHelpContents" 
"gzfile" "readRDS" "doTryCatch" "tryCatchOne" "tryCatchList" "tryCatch" "FUN" "lapply" "find.package" "index.search" "utils::help" ".External2" "inject" "help" "help" ".ps.help.getHtmlHelpContents" 
"gzfile" "readRDS" "doTryCatch" "tryCatchOne" "tryCatchList" "tryCatch" "FUN" "lapply" "find.package" "index.search" "utils::help" ".External2" "inject" "help" "help" ".ps.help.getHtmlHelpContents" 
"gzfile" "readRDS" "index.search" "utils::help" ".External2" "inject" "help" "help" ".ps.help.getHtmlHelpContents" 
"gzfile" "readRDS" "index.search" "utils::help" ".External2" "inject" "help" "help" ".ps.help.getHtmlHelpContents" 
"as.list" "utils::packageDescription" "tools::Rd2HTML" "getHtmlHelpContentsInstalled" ".ps.help.getHtmlHelpContents" 
"%notin%" "writeBlock" "writeContent" "writeSection" "tools::Rd2HTML" "getHtmlHelpContentsInstalled" ".ps.help.getHtmlHelpContents" 
"gsub" "fsub" "htmlify" "utils:::getSrcByte" "isBlankLineRd" "addParaBreaks" "writeLines" "writeLinesUTF8" "of1" "writeBlock" "writeContent" "writeSection" "tools::Rd2HTML" "getHtmlHelpContentsInstalled" ".ps.help.getHtmlHelpContents" 
"file" "readLines" "getHtmlHelpContentsInstalled" ".ps.help.getHtmlHelpContents" 
"file" "readLines" "getHtmlHelpContentsInstalled" ".ps.help.getHtmlHelpContents" 
